// Jest Snapshot v1, https://goo.gl/fbAQLP

exports[`url submission renders correctly 1`] = `
<RCTScrollView
  contentContainerStyle={
    Object {
      "flex": 1,
    }
  }
  contentInset={
    Object {
      "bottom": 0,
    }
  }
>
  <View>
    <Text
      testID="url-submission-viewer.explanation"
    >
      This submission is a URL to an external page. We've included a snapshot of what the page looked like when it was submitted.
    </Text>
    <TouchableOpacity
      accessibilityRole="button"
      hitSlop={
        Object {
          "bottom": 15,
          "left": 15,
          "right": 15,
          "top": 15,
        }
      }
      onPress={[Function]}
      style={
        Object {
          "alignSelf": "center",
          "paddingVertical": 12,
        }
      }
      testID="url-submission-viewer.url"
    >
      <View>
        <Text
          style={
            Array [
              Object {
                "color": "#2D3B45",
                "fontSize": 16,
              },
              Array [
                Object {
                  "color": "#008EE2",
                  "fontSize": 16,
                  "fontWeight": "500",
                },
                Object {
                  "fontSize": 18,
                },
              ],
            ]
          }
        >
          https://my-blog-about-rockets.com/2017/6/1/rockets-are-splosive
        </Text>
      </View>
    </TouchableOpacity>
    <Text
      style={
        Array [
          Object {
            "color": "#8B969E",
            "fontSize": 16,
            "lineHeight": 23,
          },
          Object {
            "alignSelf": "center",
          },
        ]
      }
    >
      Preview Unavailable
    </Text>
  </View>
</RCTScrollView>
`;
