// Jest Snapshot v1, https://goo.gl/fbAQLP

exports[`Canvadoc viewer renders the native component 1`] = `
<CanvadocView
  config={
    Object {
      "drawerInset": 0,
      "fallbackURL": "http://canvaslms.com/bookreport",
      "filename": "Attachment 1.jpg",
      "previewPath": "/",
    }
  }
/>
`;
