// Jest Snapshot v1, https://goo.gl/fbAQLP

exports[`Tutorial will render the tutorial after data from async storage has been retrieved 1`] = `
<View
  accessibilityViewIsModal={true}
  style={
    Object {
      "alignItems": "center",
      "backgroundColor": "rgba(0, 0, 0, 0.5)",
      "bottom": 0,
      "display": "flex",
      "justifyContent": "center",
      "left": 0,
      "opacity": 0,
      "position": "absolute",
      "right": 0,
      "top": 0,
    }
  }
>
  <View
    style={
      Object {
        "backgroundColor": "white",
        "borderRadius": 8,
        "marginHorizontal": 40,
        "padding": 16,
        "shadowColor": "black",
        "shadowOffset": Object {
          "height": 10,
          "width": 0,
        },
        "shadowOpacity": 0.5,
        "shadowRadius": 10,
      }
    }
  >
    <Text
      style={
        Array [
          Object {
            "fontFamily": ".SFUIDisplay",
          },
          Object {
            "color": "#2D3B45",
            "fontSize": 16,
          },
          Object {
            "fontSize": 18,
            "fontWeight": "600",
            "marginBottom": 16,
          },
          Object {
            "fontFamily": ".SFUIDisplay-semibold",
          },
        ]
      }
      testID="1-title"
    >
      Some text
    </Text>
    <Image
      source={
        Object {
          "testUri": "../../../src/images/speedgrader/Swipe.png",
        }
      }
      style={
        Object {
          "marginBottom": 24,
        }
      }
    />
    <TouchableOpacity
      accessibilityTraits="button"
      hitSlop={
        Object {
          "bottom": 10,
          "left": 10,
          "right": 10,
          "top": 10,
        }
      }
      onPress={[Function]}
      testID="tutorial.button-1"
      underlayColor="#fff"
    >
      <View>
        <Text
          style={
            Array [
              Object {
                "fontFamily": ".SFUIDisplay",
              },
              Object {
                "color": "#2D3B45",
                "fontSize": 16,
              },
              Array [
                Object {
                  "color": "#374A59",
                  "fontSize": 16,
                  "fontWeight": "500",
                },
                Object {
                  "fontSize": 16,
                  "fontWeight": "600",
                  "textAlign": "center",
                },
              ],
              Object {
                "fontFamily": ".SFUIDisplay-semibold",
              },
            ]
          }
        >
          OK
        </Text>
      </View>
    </TouchableOpacity>
  </View>
</View>
`;
