// Jest Snapshot v1, https://goo.gl/fbAQLP

exports[`AuthenticatedWebView renders 1`] = `
<View>
  <CoreWebView
    bounces={true}
    onHeightChange={[Function]}
    onNavigation={[Function]}
    source={
      Object {
        "uri": "http://fillmurray.com/100/100",
      }
    }
    style={
      Object {
        "flex": 1,
      }
    }
  />
</View>
`;

exports[`AuthenticatedWebView renders without uri 1`] = `
<View>
  <CoreWebView
    bounces={true}
    onHeightChange={[Function]}
    onNavigation={[Function]}
    source={
      Object {
        "html": "html is the coolest",
      }
    }
    style={
      Object {
        "flex": 1,
      }
    }
  />
</View>
`;
