// Jest Snapshot v1, https://goo.gl/fbAQLP

exports[`SavingBanner renders 1`] = `
<View
  style={
    Array [
      Object {
        "alignItems": "center",
        "flexDirection": "row",
        "justifyContent": "center",
        "padding": 10,
      },
      undefined,
    ]
  }
>
  <Text
    style={
      Object {
        "fontSize": 17,
        "marginRight": 5,
      }
    }
  >
    Saving...
  </Text>
  <ActivityIndicator
    animating={true}
    color="#999999"
    hidesWhenStopped={true}
    size="small"
    style={
      Object {
        "marginLeft": 5,
      }
    }
  />
</View>
`;

exports[`SavingBanner renders 2`] = `
<View
  style={
    Array [
      Object {
        "alignItems": "center",
        "flexDirection": "row",
        "justifyContent": "center",
        "padding": 10,
      },
      undefined,
    ]
  }
>
  <Text
    style={
      Object {
        "fontSize": 17,
        "marginRight": 5,
      }
    }
  >
    this is a custom title
  </Text>
  <ActivityIndicator
    animating={true}
    color="#999999"
    hidesWhenStopped={true}
    size="small"
    style={
      Object {
        "marginLeft": 5,
      }
    }
  />
</View>
`;
