// Jest Snapshot v1, https://goo.gl/fbAQLP

exports[`Token renders correctly 1`] = `
<Text
  color="#0077FF"
  style={
    Array [
      Object {
        "color": "#2D3B45",
        "fontFamily": "Lato-Regular",
        "fontSize": 16,
      },
      Array [
        Object {
          "backgroundColor": "#FFFFFF",
          "borderRadius": 9,
          "borderWidth": 1,
          "fontSize": 11,
          "fontWeight": "500",
          "overflow": "hidden",
          "paddingBottom": 0,
          "paddingLeft": 6,
          "paddingRight": 6,
          "paddingTop": 3,
          "textAlign": "center",
        },
        Object {
          "borderColor": "#0077FF",
          "color": "#0077FF",
        },
        undefined,
      ],
    ]
  }
>
  SHINY BUCKLES
</Text>
`;
