// Jest Snapshot v1, https://goo.gl/fbAQLP

exports[`CourseSelect renders 1`] = `
<RCTSafeAreaView
  emulateUnlessSupported={true}
  style={
    Object {
      "flex": 1,
    }
  }
>
  <list>
    <section>
      <View
        accessibilityTraits="header"
        style={
          Array [
            Object {
              "backgroundColor": "#F5F5F5",
              "flex": 1,
              "justifyContent": "center",
              "paddingLeft": 16,
              "paddingRight": 8,
              "paddingVertical": 4,
            },
            Object {
              "borderBottomColor": "#C7CDD1",
              "borderBottomWidth": 0.5,
            },
            undefined,
          ]
        }
      >
        <Text
          style={
            Array [
              Object {
                "color": "#2D3B45",
                "fontFamily": "Lato-Regular",
                "fontSize": 16,
              },
              Array [
                Object {
                  "color": "#556572",
                  "fontSize": 14,
                  "fontWeight": "600",
                },
                undefined,
              ],
            ]
          }
        >
          favorites
        </Text>
      </View>
      <item>
        <TouchableHighlight
          accessibilityRole="button"
          onPress={[Function]}
          style={
            Array [
              Object {
                "borderTopColor": "#C7CDD1",
                "borderTopWidth": 0.5,
              },
              Object {
                "borderBottomColor": "#C7CDD1",
                "borderBottomWidth": 0.5,
              },
            ]
          }
          testID="inbox.course-select.course-1"
        >
          <View
            style={
              Array [
                Object {
                  "alignItems": "center",
                  "backgroundColor": "#FFFFFF",
                  "flex": 1,
                  "flexDirection": "row",
                  "minHeight": 54,
                  "paddingBottom": 12,
                  "paddingLeft": 16,
                  "paddingRight": 16,
                  "paddingTop": 12,
                },
                Object {
                  "backgroundColor": "#FFFFFF",
                },
                undefined,
              ]
            }
          >
            <View
              style={
                Array [
                  Object {
                    "flex": 1,
                    "flexDirection": "column",
                    "justifyContent": "center",
                  },
                  Object {
                    "marginLeft": 0,
                  },
                ]
              }
            >
              <Text
                ellipsizeMode="tail"
                numberOfLines={0}
                style={
                  Array [
                    Object {
                      "color": "#2D3B45",
                      "fontFamily": "Lato-Regular",
                      "fontSize": 16,
                    },
                    Array [
                      Object {
                        "color": "#2D3B45",
                        "fontWeight": "600",
                      },
                    ],
                  ]
                }
              >
                Learn React Native
              </Text>
            </View>
          </View>
        </TouchableHighlight>
      </item>
    </section>
    <section>
      <View
        accessibilityTraits="header"
        style={
          Array [
            Object {
              "backgroundColor": "#F5F5F5",
              "flex": 1,
              "justifyContent": "center",
              "paddingLeft": 16,
              "paddingRight": 8,
              "paddingVertical": 4,
            },
            Object {
              "borderBottomColor": "#C7CDD1",
              "borderBottomWidth": 0.5,
            },
            undefined,
          ]
        }
      >
        <Text
          style={
            Array [
              Object {
                "color": "#2D3B45",
                "fontFamily": "Lato-Regular",
                "fontSize": 16,
              },
              Array [
                Object {
                  "color": "#556572",
                  "fontSize": 14,
                  "fontWeight": "600",
                },
                undefined,
              ],
            ]
          }
        >
          courses
        </Text>
      </View>
      <item>
        <TouchableHighlight
          accessibilityRole="button"
          onPress={[Function]}
          style={
            Array [
              Object {
                "borderTopColor": "#C7CDD1",
                "borderTopWidth": 0.5,
              },
              Object {
                "borderBottomColor": "#C7CDD1",
                "borderBottomWidth": 0.5,
              },
            ]
          }
          testID="inbox.course-select.course-2"
        >
          <View
            style={
              Array [
                Object {
                  "alignItems": "center",
                  "backgroundColor": "#FFFFFF",
                  "flex": 1,
                  "flexDirection": "row",
                  "minHeight": 54,
                  "paddingBottom": 12,
                  "paddingLeft": 16,
                  "paddingRight": 16,
                  "paddingTop": 12,
                },
                Object {
                  "backgroundColor": "#FFFFFF",
                },
                undefined,
              ]
            }
          >
            <View
              style={
                Array [
                  Object {
                    "flex": 1,
                    "flexDirection": "column",
                    "justifyContent": "center",
                  },
                  Object {
                    "marginLeft": 0,
                  },
                ]
              }
            >
              <Text
                ellipsizeMode="tail"
                numberOfLines={0}
                style={
                  Array [
                    Object {
                      "color": "#2D3B45",
                      "fontFamily": "Lato-Regular",
                      "fontSize": 16,
                    },
                    Array [
                      Object {
                        "color": "#2D3B45",
                        "fontWeight": "600",
                      },
                    ],
                  ]
                }
              >
                Learn React Native
              </Text>
            </View>
            <View
              style={
                Object {
                  "flex": 0,
                }
              }
            >
              <View
                style={
                  Object {
                    "alignItems": "center",
                    "flex": 1,
                    "flexDirection": "row",
                    "justifyContent": "flex-end",
                  }
                }
              >
                <Image
                  source={
                    Object {
                      "uri": "checkSolid",
                    }
                  }
                  style={
                    Object {
                      "height": 20,
                      "marginLeft": 16,
                      "resizeMode": "contain",
                      "tintColor": "#008EE2",
                      "width": 20,
                    }
                  }
                  testID="inbox.course-select.course-2.checkmark"
                />
              </View>
            </View>
          </View>
        </TouchableHighlight>
      </item>
      <item>
        <TouchableHighlight
          accessibilityRole="button"
          onPress={[Function]}
          style={
            Array [
              undefined,
              Object {
                "borderBottomColor": "#C7CDD1",
                "borderBottomWidth": 0.5,
              },
            ]
          }
          testID="inbox.course-select.course-3"
        >
          <View
            style={
              Array [
                Object {
                  "alignItems": "center",
                  "backgroundColor": "#FFFFFF",
                  "flex": 1,
                  "flexDirection": "row",
                  "minHeight": 54,
                  "paddingBottom": 12,
                  "paddingLeft": 16,
                  "paddingRight": 16,
                  "paddingTop": 12,
                },
                Object {
                  "backgroundColor": "#FFFFFF",
                },
                undefined,
              ]
            }
          >
            <View
              style={
                Array [
                  Object {
                    "flex": 1,
                    "flexDirection": "column",
                    "justifyContent": "center",
                  },
                  Object {
                    "marginLeft": 0,
                  },
                ]
              }
            >
              <Text
                ellipsizeMode="tail"
                numberOfLines={0}
                style={
                  Array [
                    Object {
                      "color": "#2D3B45",
                      "fontFamily": "Lato-Regular",
                      "fontSize": 16,
                    },
                    Array [
                      Object {
                        "color": "#2D3B45",
                        "fontWeight": "600",
                      },
                    ],
                  ]
                }
              >
                Learn React Native
              </Text>
            </View>
          </View>
        </TouchableHighlight>
      </item>
    </section>
  </list>
</RCTSafeAreaView>
`;

exports[`CourseSelect renders and then selects a course and then dismisses 1`] = `
<RCTSafeAreaView
  emulateUnlessSupported={true}
  style={
    Object {
      "flex": 1,
    }
  }
>
  <list>
    <section>
      <View
        accessibilityTraits="header"
        style={
          Array [
            Object {
              "backgroundColor": "#F5F5F5",
              "flex": 1,
              "justifyContent": "center",
              "paddingLeft": 16,
              "paddingRight": 8,
              "paddingVertical": 4,
            },
            Object {
              "borderBottomColor": "#C7CDD1",
              "borderBottomWidth": 0.5,
            },
            undefined,
          ]
        }
      >
        <Text
          style={
            Array [
              Object {
                "color": "#2D3B45",
                "fontFamily": "Lato-Regular",
                "fontSize": 16,
              },
              Array [
                Object {
                  "color": "#556572",
                  "fontSize": 14,
                  "fontWeight": "600",
                },
                undefined,
              ],
            ]
          }
        >
          favorites
        </Text>
      </View>
      <item>
        <TouchableHighlight
          accessibilityRole="button"
          onPress={[Function]}
          style={
            Array [
              Object {
                "borderTopColor": "#C7CDD1",
                "borderTopWidth": 0.5,
              },
              Object {
                "borderBottomColor": "#C7CDD1",
                "borderBottomWidth": 0.5,
              },
            ]
          }
          testID="inbox.course-select.course-1"
        >
          <View
            style={
              Array [
                Object {
                  "alignItems": "center",
                  "backgroundColor": "#FFFFFF",
                  "flex": 1,
                  "flexDirection": "row",
                  "minHeight": 54,
                  "paddingBottom": 12,
                  "paddingLeft": 16,
                  "paddingRight": 16,
                  "paddingTop": 12,
                },
                Object {
                  "backgroundColor": "#FFFFFF",
                },
                undefined,
              ]
            }
          >
            <View
              style={
                Array [
                  Object {
                    "flex": 1,
                    "flexDirection": "column",
                    "justifyContent": "center",
                  },
                  Object {
                    "marginLeft": 0,
                  },
                ]
              }
            >
              <Text
                ellipsizeMode="tail"
                numberOfLines={0}
                style={
                  Array [
                    Object {
                      "color": "#2D3B45",
                      "fontFamily": "Lato-Regular",
                      "fontSize": 16,
                    },
                    Array [
                      Object {
                        "color": "#2D3B45",
                        "fontWeight": "600",
                      },
                    ],
                  ]
                }
              >
                Learn React Native
              </Text>
            </View>
          </View>
        </TouchableHighlight>
      </item>
    </section>
    <section>
      <View
        accessibilityTraits="header"
        style={
          Array [
            Object {
              "backgroundColor": "#F5F5F5",
              "flex": 1,
              "justifyContent": "center",
              "paddingLeft": 16,
              "paddingRight": 8,
              "paddingVertical": 4,
            },
            Object {
              "borderBottomColor": "#C7CDD1",
              "borderBottomWidth": 0.5,
            },
            undefined,
          ]
        }
      >
        <Text
          style={
            Array [
              Object {
                "color": "#2D3B45",
                "fontFamily": "Lato-Regular",
                "fontSize": 16,
              },
              Array [
                Object {
                  "color": "#556572",
                  "fontSize": 14,
                  "fontWeight": "600",
                },
                undefined,
              ],
            ]
          }
        >
          courses
        </Text>
      </View>
      <item>
        <TouchableHighlight
          accessibilityRole="button"
          onPress={[Function]}
          style={
            Array [
              Object {
                "borderTopColor": "#C7CDD1",
                "borderTopWidth": 0.5,
              },
              Object {
                "borderBottomColor": "#C7CDD1",
                "borderBottomWidth": 0.5,
              },
            ]
          }
          testID="inbox.course-select.course-2"
        >
          <View
            style={
              Array [
                Object {
                  "alignItems": "center",
                  "backgroundColor": "#FFFFFF",
                  "flex": 1,
                  "flexDirection": "row",
                  "minHeight": 54,
                  "paddingBottom": 12,
                  "paddingLeft": 16,
                  "paddingRight": 16,
                  "paddingTop": 12,
                },
                Object {
                  "backgroundColor": "#FFFFFF",
                },
                undefined,
              ]
            }
          >
            <View
              style={
                Array [
                  Object {
                    "flex": 1,
                    "flexDirection": "column",
                    "justifyContent": "center",
                  },
                  Object {
                    "marginLeft": 0,
                  },
                ]
              }
            >
              <Text
                ellipsizeMode="tail"
                numberOfLines={0}
                style={
                  Array [
                    Object {
                      "color": "#2D3B45",
                      "fontFamily": "Lato-Regular",
                      "fontSize": 16,
                    },
                    Array [
                      Object {
                        "color": "#2D3B45",
                        "fontWeight": "600",
                      },
                    ],
                  ]
                }
              >
                Learn React Native
              </Text>
            </View>
            <View
              style={
                Object {
                  "flex": 0,
                }
              }
            >
              <View
                style={
                  Object {
                    "alignItems": "center",
                    "flex": 1,
                    "flexDirection": "row",
                    "justifyContent": "flex-end",
                  }
                }
              >
                <Image
                  source={
                    Object {
                      "uri": "checkSolid",
                    }
                  }
                  style={
                    Object {
                      "height": 20,
                      "marginLeft": 16,
                      "resizeMode": "contain",
                      "tintColor": "#008EE2",
                      "width": 20,
                    }
                  }
                  testID="inbox.course-select.course-2.checkmark"
                />
              </View>
            </View>
          </View>
        </TouchableHighlight>
      </item>
      <item>
        <TouchableHighlight
          accessibilityRole="button"
          onPress={[Function]}
          style={
            Array [
              undefined,
              Object {
                "borderBottomColor": "#C7CDD1",
                "borderBottomWidth": 0.5,
              },
            ]
          }
          testID="inbox.course-select.course-3"
        >
          <View
            style={
              Array [
                Object {
                  "alignItems": "center",
                  "backgroundColor": "#FFFFFF",
                  "flex": 1,
                  "flexDirection": "row",
                  "minHeight": 54,
                  "paddingBottom": 12,
                  "paddingLeft": 16,
                  "paddingRight": 16,
                  "paddingTop": 12,
                },
                Object {
                  "backgroundColor": "#FFFFFF",
                },
                undefined,
              ]
            }
          >
            <View
              style={
                Array [
                  Object {
                    "flex": 1,
                    "flexDirection": "column",
                    "justifyContent": "center",
                  },
                  Object {
                    "marginLeft": 0,
                  },
                ]
              }
            >
              <Text
                ellipsizeMode="tail"
                numberOfLines={0}
                style={
                  Array [
                    Object {
                      "color": "#2D3B45",
                      "fontFamily": "Lato-Regular",
                      "fontSize": 16,
                    },
                    Array [
                      Object {
                        "color": "#2D3B45",
                        "fontWeight": "600",
                      },
                    ],
                  ]
                }
              >
                Learn React Native
              </Text>
            </View>
          </View>
        </TouchableHighlight>
      </item>
    </section>
  </list>
</RCTSafeAreaView>
`;
