// Jest Snapshot v1, https://goo.gl/fbAQLP

exports[`SubmissionSettings renders properly 1`] = `
<RCTSafeAreaView
  emulateUnlessSupported={true}
  style={
    Object {
      "flex": 1,
    }
  }
>
  <RCTScrollView
    style={
      Object {
        "flex": 1,
      }
    }
  >
    <View>
      <View
        style={
          Array [
            Object {
              "backgroundColor": "#C7CDD1",
              "height": 0.5,
            },
            undefined,
          ]
        }
      />
      <View
        accessibilityLabel="Mute Grades, Off"
        accessible={true}
        isTVSelectable={true}
        onResponderGrant={[Function]}
        onResponderMove={[Function]}
        onResponderRelease={[Function]}
        onResponderTerminate={[Function]}
        onResponderTerminationRequest={[Function]}
        onStartShouldSetResponder={[Function]}
        style={
          Array [
            undefined,
            undefined,
          ]
        }
      >
        <View
          style={
            Array [
              Object {
                "alignItems": "center",
                "backgroundColor": "white",
                "flex": 1,
                "flexDirection": "row",
                "minHeight": 54,
                "paddingBottom": 12,
                "paddingLeft": 16,
                "paddingRight": 16,
                "paddingTop": 12,
              },
              Object {
                "backgroundColor": "white",
              },
            ]
          }
        >
          <View
            style={
              Array [
                Object {
                  "flex": 1,
                  "flexDirection": "column",
                  "justifyContent": "center",
                },
                Object {
                  "marginLeft": 0,
                },
              ]
            }
          >
            <Text
              ellipsizeMode="tail"
              numberOfLines={0}
              style={
                Array [
                  Object {
                    "fontFamily": ".SFUIDisplay",
                  },
                  Object {
                    "color": "#2D3B45",
                    "fontSize": 16,
                  },
                  Array [
                    Object {
                      "fontWeight": "600",
                    },
                  ],
                  Object {
                    "fontFamily": ".SFUIDisplay-semibold",
                  },
                ]
              }
            >
              Mute Grades
            </Text>
          </View>
          <View
            style={
              Object {
                "flex": 0,
              }
            }
          >
            <View
              style={
                Object {
                  "alignItems": "center",
                  "flex": 1,
                  "flexDirection": "row",
                  "justifyContent": "flex-end",
                }
              }
            >
              <Switch
                identifier="submission-settings.muted"
                onValueChange={[Function]}
                testID="submission-settings.muted"
                tintColor={null}
                title="Mute Grades"
                trackColor="#374A59"
                value={false}
              />
            </View>
          </View>
        </View>
      </View>
    </View>
  </RCTScrollView>
</RCTSafeAreaView>
`;
