// Jest Snapshot v1, https://goo.gl/fbAQLP

exports[`Render the base row 1`] = `
<View
  accessible={true}
  focusable={true}
  onClick={[Function]}
  onResponderGrant={[Function]}
  onResponderMove={[Function]}
  onResponderRelease={[Function]}
  onResponderTerminate={[Function]}
  onResponderTerminationRequest={[Function]}
  onStartShouldSetResponder={[Function]}
  style={
    Array [
      Object {
        "borderTopColor": "#C7CDD1",
        "borderTopWidth": 0.5,
      },
      Object {
        "borderBottomColor": "#C7CDD1",
        "borderBottomWidth": 0.5,
      },
    ]
  }
>
  <View
    style={
      Array [
        Object {
          "alignItems": "center",
          "backgroundColor": "#FFFFFF",
          "flex": 1,
          "flexDirection": "row",
          "minHeight": 54,
          "paddingBottom": 12,
          "paddingLeft": 16,
          "paddingRight": 16,
          "paddingTop": 12,
        },
        Object {
          "backgroundColor": "#FFFFFF",
        },
        undefined,
      ]
    }
  >
    <Image
      source={
        Object {
          "testUri": "../../../src/images/invisible.png",
        }
      }
      style={
        Array [
          Object {
            "resizeMode": "contain",
          },
          Object {
            "height": 10,
            "tintColor": "#fff",
            "width": 10,
          },
        ]
      }
    />
    <View
      style={
        Array [
          Object {
            "flex": 1,
            "flexDirection": "column",
            "justifyContent": "center",
          },
          Object {
            "marginLeft": 12,
          },
        ]
      }
    >
      <Text
        ellipsizeMode="tail"
        numberOfLines={0}
        style={
          Array [
            Object {
              "color": "#2D3B45",
              "fontSize": 16,
            },
            Array [
              Object {
                "color": "#2D3B45",
                "fontWeight": "600",
              },
            ],
          ]
        }
      >
        Title of the row
      </Text>
      <Text
        style={
          Array [
            Object {
              "color": "#2D3B45",
              "fontSize": 16,
            },
            Array [
              Object {
                "color": "#8B969E",
                "fontSize": 14,
                "marginTop": 2,
              },
            ],
          ]
        }
        testID="row.undefined-cell-subtitle-lbl"
      >
        Subtitle
      </Text>
    </View>
    <View
      style={
        Object {
          "flex": 0,
        }
      }
    >
      <View
        style={
          Object {
            "alignItems": "center",
            "flex": 1,
            "flexDirection": "row",
            "justifyContent": "flex-end",
          }
        }
      >
        <View
          style={
            Array [
              Object {
                "alignSelf": "center",
                "backgroundColor": "transparent",
                "borderColor": "#C7CDD1",
                "borderRightWidth": 2,
                "borderTopWidth": 2,
                "height": 10,
                "marginLeft": 7,
                "width": 10,
              },
              Object {
                "transform": Array [
                  Object {
                    "rotate": "45deg",
                  },
                ],
              },
            ]
          }
        />
      </View>
    </View>
  </View>
</View>
`;
