// Jest Snapshot v1, https://goo.gl/fbAQLP

exports[`renders correctly 1`] = `
<Screen
  navBarColor="#fff"
  navBarStyle="dark"
  onTraitCollectionChange={[Function]}
  showDismissButton={true}
  statusBarStyle="default"
  subtitle="Learn React Native"
  testID="assignment-list"
  title="Assignments"
>
  <View
    style={
      Object {
        "flex": 1,
      }
    }
    testID="assignment-list.container-view"
  >
    <View
      style={
        Object {
          "borderBottomColor": "#C7CDD1",
          "borderBottomWidth": 0.5,
          "paddingBottom": 8,
          "paddingHorizontal": 16,
          "paddingTop": 16,
        }
      }
    >
      <View
        style={
          Object {
            "alignItems": "flex-end",
            "flexDirection": "row",
            "justifyContent": "space-between",
          }
        }
        testID="assignment-list.filter-header-view"
      >
        <Heading1
          style={
            Object {
              "flex": 1,
            }
          }
          testID="assignment-list.filter-title-lbl"
        >
          All Grading Periods
        </Heading1>
        <LinkButton
          onPress={[Function]}
          style={
            Object {
              "marginBottom": 1,
            }
          }
          testID="assignment-list.filter"
        >
          Filter
        </LinkButton>
      </View>
    </View>
    <SectionList
      ListEmptyComponent={
        <ListEmptyComponent
          title="There are no assignments to display."
        />
      }
      keyExtractor={[Function]}
      onRefresh={[Function]}
      refreshing={false}
      renderItem={[Function]}
      renderSectionHeader={[Function]}
      sections={
        Array [
          Object {
            "assignments": Array [
              Object {
                "anonymize_students": false,
                "assignment_group_id": "1",
                "automatic_peer_reviews": false,
                "course_id": "987654321",
                "created_at": "2017-03-17T19:15:25Z",
                "description": "a course that can take any beginner to professional in a matter of microseconds.  Harness the power of your favorite languages like PHP and Cold Fusion.",
                "due_at": "2037-06-01T05:59:00Z",
                "grade_group_students_individually": false,
                "grading_type": "points",
                "group_category_id": null,
                "has_overrides": false,
                "html_url": "http://hostname.tld/whatever",
                "id": "123456789",
                "lock_at": "2037-06-01T05:59:59Z",
                "name": "learn to write code",
                "needs_grading_count": 0,
                "only_visible_to_overrides": false,
                "overrides": Array [],
                "peer_reviews": false,
                "points_possible": 20,
                "position": 1,
                "published": true,
                "rubric": null,
                "rubric_assessment": Object {},
                "rubric_settings": null,
                "submission_types": Array [
                  "online_text_entry",
                  "online_url",
                  "media_recording",
                  "online_upload",
                ],
                "unlock_at": "2017-03-17T06:00:00Z",
                "unpublishable": false,
                "updated_at": "2017-03-17T19:15:25Z",
              },
            ],
            "data": Array [
              Object {
                "anonymize_students": false,
                "assignment_group_id": "1",
                "automatic_peer_reviews": false,
                "course_id": "987654321",
                "created_at": "2017-03-17T19:15:25Z",
                "description": "a course that can take any beginner to professional in a matter of microseconds.  Harness the power of your favorite languages like PHP and Cold Fusion.",
                "due_at": "2037-06-01T05:59:00Z",
                "grade_group_students_individually": false,
                "grading_type": "points",
                "group_category_id": null,
                "has_overrides": false,
                "html_url": "http://hostname.tld/whatever",
                "id": "123456789",
                "lock_at": "2037-06-01T05:59:59Z",
                "name": "learn to write code",
                "needs_grading_count": 0,
                "only_visible_to_overrides": false,
                "overrides": Array [],
                "peer_reviews": false,
                "points_possible": 20,
                "position": 1,
                "published": true,
                "rubric": null,
                "rubric_assessment": Object {},
                "rubric_settings": null,
                "submission_types": Array [
                  "online_text_entry",
                  "online_url",
                  "media_recording",
                  "online_upload",
                ],
                "unlock_at": "2017-03-17T06:00:00Z",
                "unpublishable": false,
                "updated_at": "2017-03-17T19:15:25Z",
              },
            ],
            "group_weight": 1,
            "id": "1",
            "integration_data": Object {},
            "key": "1",
            "name": "Learn React Native",
            "position": 1,
            "sis_source_id": "",
          },
        ]
      }
      testID="assignment-list.list"
    />
  </View>
</Screen>
`;
