// Jest Snapshot v1, https://goo.gl/fbAQLP

exports[`CommentInput CommentInput renders 1`] = `
<View>
  <View
    style={
      Object {
        "alignItems": "flex-start",
        "backgroundColor": "#F5F5F5",
        "borderTopColor": "#C7CDD1",
        "borderTopWidth": 0.5,
        "flexDirection": "row",
        "justifyContent": "space-between",
        "overflow": "hidden",
        "paddingRight": 16,
        "paddingVertical": 8,
      }
    }
  >
    <View
      style={
        Object {
          "alignItems": "flex-start",
          "backgroundColor": "#FFFFFF",
          "borderColor": "#C7CDD1",
          "borderRadius": 20,
          "borderWidth": 0.5,
          "flex": 1,
          "flexDirection": "row",
          "justifyContent": "space-between",
          "overflow": "hidden",
        }
      }
    >
      <TextInput
        allowFontScaling={true}
        autoFocus={false}
        maxHeight={76}
        multiline={true}
        onBlur={[Function]}
        onChangeText={[Function]}
        placeholder="Comment"
        placeholderTextColor="#8B969E"
        rejectResponderTermination={true}
        style={
          Object {
            "flex": 1,
            "fontSize": 16,
            "lineHeight": 19,
            "marginBottom": 6,
            "marginLeft": 10,
            "marginRight": 24,
            "marginTop": 2,
          }
        }
        testID="SubmissionComments.commentTextView"
        underlineColorAndroid="transparent"
        value=""
      />
    </View>
  </View>
  <View
    style={
      Array [
        Object {
          "bottom": 0,
          "left": 0,
          "right": 0,
        },
        Object {
          "height": 0,
        },
        undefined,
      ]
    }
  />
</View>
`;

exports[`CommentInput Wont render the media buttons when allowMediaInputs is set to false 1`] = `
<View>
  <View
    style={
      Object {
        "alignItems": "flex-start",
        "backgroundColor": "#F5F5F5",
        "borderTopColor": "#C7CDD1",
        "borderTopWidth": 0.5,
        "flexDirection": "row",
        "justifyContent": "space-between",
        "overflow": "hidden",
        "paddingRight": 16,
        "paddingVertical": 8,
      }
    }
  >
    <View
      style={
        Object {
          "alignItems": "flex-start",
          "backgroundColor": "#FFFFFF",
          "borderColor": "#C7CDD1",
          "borderRadius": 20,
          "borderWidth": 0.5,
          "flex": 1,
          "flexDirection": "row",
          "justifyContent": "space-between",
          "overflow": "hidden",
        }
      }
    >
      <TextInput
        allowFontScaling={true}
        autoFocus={false}
        maxHeight={76}
        multiline={true}
        onBlur={[Function]}
        onChangeText={[Function]}
        placeholder="Comment"
        placeholderTextColor="#8B969E"
        rejectResponderTermination={true}
        style={
          Object {
            "flex": 1,
            "fontSize": 16,
            "lineHeight": 19,
            "marginBottom": 6,
            "marginLeft": 10,
            "marginRight": 24,
            "marginTop": 2,
          }
        }
        testID="SubmissionComments.commentTextView"
        underlineColorAndroid="transparent"
        value=""
      />
    </View>
  </View>
  <View
    style={
      Array [
        Object {
          "bottom": 0,
          "left": 0,
          "right": 0,
        },
        Object {
          "height": 0,
        },
        undefined,
      ]
    }
  />
</View>
`;

exports[`CommentInput disables the send button with a prop 1`] = `
<View>
  <View
    style={
      Object {
        "alignItems": "flex-start",
        "backgroundColor": "#F5F5F5",
        "borderTopColor": "#C7CDD1",
        "borderTopWidth": 0.5,
        "flexDirection": "row",
        "justifyContent": "space-between",
        "overflow": "hidden",
        "paddingRight": 16,
        "paddingVertical": 8,
      }
    }
  >
    <View
      style={
        Object {
          "alignItems": "flex-start",
          "backgroundColor": "#FFFFFF",
          "borderColor": "#C7CDD1",
          "borderRadius": 20,
          "borderWidth": 0.5,
          "flex": 1,
          "flexDirection": "row",
          "justifyContent": "space-between",
          "overflow": "hidden",
        }
      }
    >
      <TextInput
        allowFontScaling={true}
        autoFocus={false}
        maxHeight={76}
        multiline={true}
        onBlur={[Function]}
        onChangeText={[Function]}
        placeholder="Comment"
        placeholderTextColor="#8B969E"
        rejectResponderTermination={true}
        style={
          Object {
            "flex": 1,
            "fontSize": 16,
            "lineHeight": 19,
            "marginBottom": 6,
            "marginLeft": 10,
            "marginRight": 24,
            "marginTop": 2,
          }
        }
        testID="SubmissionComments.commentTextView"
        underlineColorAndroid="transparent"
        value=""
      />
    </View>
  </View>
  <View
    style={
      Array [
        Object {
          "bottom": 0,
          "left": 0,
          "right": 0,
        },
        Object {
          "height": 0,
        },
        undefined,
      ]
    }
  />
</View>
`;
