// Jest Snapshot v1, https://goo.gl/fbAQLP

exports[`HomeTabRow can be pressed 1`] = `
<ForwardRef(SafeAreaView)>
  <FeatureRow
    disclosureIndicator={true}
    onPress={[Function]}
    subtitle={null}
    testID="courses-details.assignments-cell"
    title="Home"
  />
</ForwardRef(SafeAreaView)>
`;

exports[`HomeTabRow can be selected 1`] = `
<ForwardRef(SafeAreaView)>
  <FeatureRow
    disclosureIndicator={true}
    onPress={[Function]}
    selected={true}
    subtitle={null}
    testID="courses-details.assignments-cell"
    title="Home"
  />
</ForwardRef(SafeAreaView)>
`;

exports[`HomeTabRow renders correctly 1`] = `
<ForwardRef(SafeAreaView)>
  <FeatureRow
    disclosureIndicator={true}
    onPress={[Function]}
    subtitle={null}
    testID="courses-details.assignments-cell"
    title="Home"
  />
</ForwardRef(SafeAreaView)>
`;

exports[`HomeTabRow renders correctly for each type 1`] = `
<ForwardRef(SafeAreaView)>
  <FeatureRow
    disclosureIndicator={true}
    onPress={[Function]}
    subtitle={null}
    testID="courses-details.assignments-cell"
    title="Home"
  />
</ForwardRef(SafeAreaView)>
`;

exports[`HomeTabRow renders correctly for each type 2`] = `
<ForwardRef(SafeAreaView)>
  <FeatureRow
    disclosureIndicator={true}
    onPress={[Function]}
    subtitle={null}
    testID="courses-details.assignments-cell"
    title="Home"
  />
</ForwardRef(SafeAreaView)>
`;

exports[`HomeTabRow renders correctly for each type 3`] = `
<ForwardRef(SafeAreaView)>
  <FeatureRow
    disclosureIndicator={true}
    onPress={[Function]}
    subtitle={null}
    testID="courses-details.assignments-cell"
    title="Home"
  />
</ForwardRef(SafeAreaView)>
`;

exports[`HomeTabRow renders correctly for each type 4`] = `
<ForwardRef(SafeAreaView)>
  <FeatureRow
    disclosureIndicator={true}
    onPress={[Function]}
    subtitle={null}
    testID="courses-details.assignments-cell"
    title="Home"
  />
</ForwardRef(SafeAreaView)>
`;

exports[`HomeTabRow renders correctly for each type 5`] = `
<ForwardRef(SafeAreaView)>
  <FeatureRow
    disclosureIndicator={true}
    onPress={[Function]}
    subtitle={null}
    testID="courses-details.assignments-cell"
    title="Home"
  />
</ForwardRef(SafeAreaView)>
`;

exports[`HomeTabRow renders correctly for each type 6`] = `
<ForwardRef(SafeAreaView)>
  <FeatureRow
    disclosureIndicator={true}
    onPress={[Function]}
    subtitle={null}
    testID="courses-details.assignments-cell"
    title="Home"
  />
</ForwardRef(SafeAreaView)>
`;
