// Jest Snapshot v1, https://goo.gl/fbAQLP

exports[`ToDoListItem renders 1`] = `
<Row
  accessibilityLabel="Published, learn to write code, Course 1, Due May 31, 2037 at 11:59 PM, 5 NEED GRADING"
  disclosureIndicator={true}
  onPress={[Function]}
  renderImage={[Function]}
  testID="to-do.list.https://api.instructure.com/api/v1/path/to/html_url.row"
  title="learn to write code"
>
  <View
    style={
      Object {
        "flex": 1,
        "flexDirection": "column",
      }
    }
  >
    <Text
      style={
        Array [
          Object {
            "fontSize": 14,
            "fontWeight": "600",
          },
          Object {
            "color": "#fff",
          },
        ]
      }
    >
      Course 1
    </Text>
    <Text
      style={
        Object {
          "color": "#8B969E",
          "fontSize": 13,
          "marginTop": 3,
        }
      }
    >
      Due May 31, 2037 at 11:59 PM
    </Text>
    <Text
      style={
        Array [
          Object {
            "alignSelf": "flex-start",
            "backgroundColor": "#FFFFFF",
            "borderRadius": 9,
            "borderWidth": 1,
            "flex": 0,
            "fontSize": 11,
            "fontWeight": "600",
            "marginTop": 4,
            "overflow": "hidden",
            "paddingBottom": 1,
            "paddingLeft": 6,
            "paddingRight": 6,
            "paddingTop": 3,
          },
          Object {
            "borderColor": "#008EE2",
            "color": "#008EE2",
          },
        ]
      }
    >
      5 NEED GRADING
    </Text>
  </View>
</Row>
`;

exports[`ToDoListItem renders discussion 1`] = `
<Row
  accessibilityLabel="Published, Assignment 1, Course 1, Due May 31, 2037 at 11:59 PM, 5 NEED GRADING"
  disclosureIndicator={true}
  onPress={[Function]}
  renderImage={[Function]}
  testID="to-do.list.https://api.instructure.com/api/v1/path/to/html_url.row"
  title="Assignment 1"
>
  <View
    style={
      Object {
        "flex": 1,
        "flexDirection": "column",
      }
    }
  >
    <Text
      style={
        Array [
          Object {
            "fontSize": 14,
            "fontWeight": "600",
          },
          Object {
            "color": "#fff",
          },
        ]
      }
    >
      Course 1
    </Text>
    <Text
      style={
        Object {
          "color": "#8B969E",
          "fontSize": 13,
          "marginTop": 3,
        }
      }
    >
      Due May 31, 2037 at 11:59 PM
    </Text>
    <Text
      style={
        Array [
          Object {
            "alignSelf": "flex-start",
            "backgroundColor": "#FFFFFF",
            "borderRadius": 9,
            "borderWidth": 1,
            "flex": 0,
            "fontSize": 11,
            "fontWeight": "600",
            "marginTop": 4,
            "overflow": "hidden",
            "paddingBottom": 1,
            "paddingLeft": 6,
            "paddingRight": 6,
            "paddingTop": 3,
          },
          Object {
            "borderColor": "#008EE2",
            "color": "#008EE2",
          },
        ]
      }
    >
      5 NEED GRADING
    </Text>
  </View>
</Row>
`;

exports[`ToDoListItem renders null due date 1`] = `
<Row
  accessibilityLabel="Published, learn to write code, Course 1, No Due Date, 5 NEED GRADING"
  disclosureIndicator={true}
  onPress={[Function]}
  renderImage={[Function]}
  testID="to-do.list.https://api.instructure.com/api/v1/path/to/html_url.row"
  title="learn to write code"
>
  <View
    style={
      Object {
        "flex": 1,
        "flexDirection": "column",
      }
    }
  >
    <Text
      style={
        Array [
          Object {
            "fontSize": 14,
            "fontWeight": "600",
          },
          Object {
            "color": "#fff",
          },
        ]
      }
    >
      Course 1
    </Text>
    <Text
      style={
        Object {
          "color": "#8B969E",
          "fontSize": 13,
          "marginTop": 3,
        }
      }
    >
      No Due Date
    </Text>
    <Text
      style={
        Array [
          Object {
            "alignSelf": "flex-start",
            "backgroundColor": "#FFFFFF",
            "borderRadius": 9,
            "borderWidth": 1,
            "flex": 0,
            "fontSize": 11,
            "fontWeight": "600",
            "marginTop": 4,
            "overflow": "hidden",
            "paddingBottom": 1,
            "paddingLeft": 6,
            "paddingRight": 6,
            "paddingTop": 3,
          },
          Object {
            "borderColor": "#008EE2",
            "color": "#008EE2",
          },
        ]
      }
    >
      5 NEED GRADING
    </Text>
  </View>
</Row>
`;

exports[`ToDoListItem renders published assignment 1`] = `
<Row
  accessibilityLabel="Published, Assignment 1, Course 1, Due May 31, 2037 at 11:59 PM, 5 NEED GRADING"
  disclosureIndicator={true}
  onPress={[Function]}
  renderImage={[Function]}
  testID="to-do.list.https://api.instructure.com/api/v1/path/to/html_url.row"
  title="Assignment 1"
>
  <View
    style={
      Object {
        "flex": 1,
        "flexDirection": "column",
      }
    }
  >
    <Text
      style={
        Array [
          Object {
            "fontSize": 14,
            "fontWeight": "600",
          },
          Object {
            "color": "#fff",
          },
        ]
      }
    >
      Course 1
    </Text>
    <Text
      style={
        Object {
          "color": "#8B969E",
          "fontSize": 13,
          "marginTop": 3,
        }
      }
    >
      Due May 31, 2037 at 11:59 PM
    </Text>
    <Text
      style={
        Array [
          Object {
            "alignSelf": "flex-start",
            "backgroundColor": "#FFFFFF",
            "borderRadius": 9,
            "borderWidth": 1,
            "flex": 0,
            "fontSize": 11,
            "fontWeight": "600",
            "marginTop": 4,
            "overflow": "hidden",
            "paddingBottom": 1,
            "paddingLeft": 6,
            "paddingRight": 6,
            "paddingTop": 3,
          },
          Object {
            "borderColor": "#008EE2",
            "color": "#008EE2",
          },
        ]
      }
    >
      5 NEED GRADING
    </Text>
  </View>
</Row>
`;

exports[`ToDoListItem renders quiz 1`] = `
<Row
  accessibilityLabel="Published, Quiz 1, Course 1, Due Jan 23, 2013 at 11:59 PM, 5 NEED GRADING"
  disclosureIndicator={true}
  onPress={[Function]}
  renderImage={[Function]}
  testID="to-do.list.https://api.instructure.com/api/v1/path/to/html_url.row"
  title="Quiz 1"
>
  <View
    style={
      Object {
        "flex": 1,
        "flexDirection": "column",
      }
    }
  >
    <Text
      style={
        Array [
          Object {
            "fontSize": 14,
            "fontWeight": "600",
          },
          Object {
            "color": "#fff",
          },
        ]
      }
    >
      Course 1
    </Text>
    <Text
      style={
        Object {
          "color": "#8B969E",
          "fontSize": 13,
          "marginTop": 3,
        }
      }
    >
      Due Jan 23, 2013 at 11:59 PM
    </Text>
    <Text
      style={
        Array [
          Object {
            "alignSelf": "flex-start",
            "backgroundColor": "#FFFFFF",
            "borderRadius": 9,
            "borderWidth": 1,
            "flex": 0,
            "fontSize": 11,
            "fontWeight": "600",
            "marginTop": 4,
            "overflow": "hidden",
            "paddingBottom": 1,
            "paddingLeft": 6,
            "paddingRight": 6,
            "paddingTop": 3,
          },
          Object {
            "borderColor": "#008EE2",
            "color": "#008EE2",
          },
        ]
      }
    >
      5 NEED GRADING
    </Text>
  </View>
</Row>
`;

exports[`ToDoListItem renders unpublished assignment 1`] = `
<Row
  accessibilityLabel="Not Published, Assignment 1, Course 1, Due May 31, 2037 at 11:59 PM, 5 NEED GRADING"
  disclosureIndicator={true}
  onPress={[Function]}
  renderImage={[Function]}
  testID="to-do.list.https://api.instructure.com/api/v1/path/to/html_url.row"
  title="Assignment 1"
>
  <View
    style={
      Object {
        "flex": 1,
        "flexDirection": "column",
      }
    }
  >
    <Text
      style={
        Array [
          Object {
            "fontSize": 14,
            "fontWeight": "600",
          },
          Object {
            "color": "#fff",
          },
        ]
      }
    >
      Course 1
    </Text>
    <Text
      style={
        Object {
          "color": "#8B969E",
          "fontSize": 13,
          "marginTop": 3,
        }
      }
    >
      Due May 31, 2037 at 11:59 PM
    </Text>
    <Text
      style={
        Array [
          Object {
            "alignSelf": "flex-start",
            "backgroundColor": "#FFFFFF",
            "borderRadius": 9,
            "borderWidth": 1,
            "flex": 0,
            "fontSize": 11,
            "fontWeight": "600",
            "marginTop": 4,
            "overflow": "hidden",
            "paddingBottom": 1,
            "paddingLeft": 6,
            "paddingRight": 6,
            "paddingTop": 3,
          },
          Object {
            "borderColor": "#008EE2",
            "color": "#008EE2",
          },
        ]
      }
    >
      5 NEED GRADING
    </Text>
  </View>
</Row>
`;
