// Jest Snapshot v1, https://goo.gl/fbAQLP

exports[`ToDoList renders items 1`] = `
<Screen
  customPageViewPath="/"
  drawUnderNavBar={true}
  navBarButtonColor="#374A59"
  navBarColor="#374A59"
  navBarImage={
    Object {
      "testUri": "../../../src/images/canvas-logo.png",
    }
  }
  navBarStyle="light"
  showDismissButton={true}
  statusBarStyle="light"
>
  <View
    onLayout={[Function]}
    style={
      Object {
        "flex": 1,
      }
    }
  >
    <FlatList
      ItemSeparatorComponent={[Function]}
      ListEmptyComponent={
        <View
          style={
            Array [
              Object {
                "alignItems": "center",
                "backgroundColor": "white",
                "flex": 1,
                "flexDirection": "column",
                "justifyContent": "center",
              },
              Object {
                "height": 0,
              },
            ]
          }
        >
          <Image
            source={
              Object {
                "testUri": "../../../src/images/relax.png",
              }
            }
            style={
              Object {
                "marginBottom": 24,
              }
            }
          />
          <Text
            style={
              Object {
                "color": "#8B969E",
                "fontSize": 18,
              }
            }
          >
            Nothing more to do.
          </Text>
          <Text
            style={
              Object {
                "color": "#8B969E",
                "fontSize": 18,
              }
            }
          >
            Enjoy your day!
          </Text>
        </View>
      }
      data={
        Array [
          ToDoModel {
            "assignment": Object {
              "anonymize_students": false,
              "assignment_group_id": "1376",
              "automatic_peer_reviews": false,
              "course_id": "987654321",
              "created_at": "2017-03-17T19:15:25Z",
              "description": "a course that can take any beginner to professional in a matter of microseconds.  Harness the power of your favorite languages like PHP and Cold Fusion.",
              "due_at": "2037-06-01T05:59:00Z",
              "grade_group_students_individually": false,
              "grading_type": "points",
              "group_category_id": null,
              "has_overrides": false,
              "html_url": "http://hostname.tld/whatever",
              "id": "123456789",
              "lock_at": "2037-06-01T05:59:59Z",
              "name": "learn to write code",
              "needs_grading_count": 0,
              "only_visible_to_overrides": false,
              "overrides": Array [],
              "peer_reviews": false,
              "points_possible": 20,
              "position": 1,
              "published": true,
              "rubric": null,
              "rubric_assessment": Object {},
              "rubric_settings": null,
              "submission_types": Array [
                "online_text_entry",
                "online_url",
                "media_recording",
                "online_upload",
              ],
              "unlock_at": "2017-03-17T06:00:00Z",
              "unpublishable": false,
              "updated_at": "2017-03-17T19:15:25Z",
            },
            "contextType": "course",
            "courseID": "1",
            "groupID": null,
            "htmlUrl": "https://api.instructure.com/api/v1/path/to/html_url",
            "ignorePermanentlyUrl": "https://api.instructure.com/api/v1/path/to/ignore_permanently",
            "ignoreUrl": "https://api.instructure.com/api/v1/path/to/ignore",
            "needsGradingCount": 5,
            "quiz": undefined,
            "raw": Object {
              "assignment": Object {
                "anonymize_students": false,
                "assignment_group_id": "1376",
                "automatic_peer_reviews": false,
                "course_id": "987654321",
                "created_at": "2017-03-17T19:15:25Z",
                "description": "a course that can take any beginner to professional in a matter of microseconds.  Harness the power of your favorite languages like PHP and Cold Fusion.",
                "due_at": "2037-06-01T05:59:00Z",
                "grade_group_students_individually": false,
                "grading_type": "points",
                "group_category_id": null,
                "has_overrides": false,
                "html_url": "http://hostname.tld/whatever",
                "id": "123456789",
                "lock_at": "2037-06-01T05:59:59Z",
                "name": "learn to write code",
                "needs_grading_count": 0,
                "only_visible_to_overrides": false,
                "overrides": Array [],
                "peer_reviews": false,
                "points_possible": 20,
                "position": 1,
                "published": true,
                "rubric": null,
                "rubric_assessment": Object {},
                "rubric_settings": null,
                "submission_types": Array [
                  "online_text_entry",
                  "online_url",
                  "media_recording",
                  "online_upload",
                ],
                "unlock_at": "2017-03-17T06:00:00Z",
                "unpublishable": false,
                "updated_at": "2017-03-17T19:15:25Z",
              },
              "context_type": "course",
              "course_id": "1",
              "group_id": null,
              "html_url": "https://api.instructure.com/api/v1/path/to/html_url",
              "ignore": "https://api.instructure.com/api/v1/path/to/ignore",
              "ignore_permanently": "https://api.instructure.com/api/v1/path/to/ignore_permanently",
              "needs_grading_count": 5,
              "type": "grading",
            },
            "type": "grading",
          },
        ]
      }
      keyExtractor={[Function]}
      onEndReached={[MockFunction]}
      onEndReachedThreshold={0.5}
      onRefresh={[Function]}
      refreshing={false}
      renderItem={[Function]}
      testID="to-do-list.list"
    />
  </View>
</Screen>
`;
