// Jest Snapshot v1, https://goo.gl/fbAQLP

exports[`dashboard content renders 1`] = `
<View
  style={
    Array [
      Object {
        "shadowColor": "#000",
        "shadowOffset": Object {
          "height": 1,
          "width": 0,
        },
        "shadowOpacity": 0.2,
        "shadowRadius": 1,
      },
      undefined,
    ]
  }
>
  <View
    style={
      Array [
        Object {
          "backgroundColor": "#FFFFFF",
          "borderColor": "#F5F5F5",
          "borderRadius": 4,
          "borderWidth": 0.5,
          "flex": 1,
          "overflow": "hidden",
        },
        undefined,
      ]
    }
  />
</View>
`;
