// Jest Snapshot v1, https://goo.gl/fbAQLP

exports[`ColorPicker renders 1`] = `
<View
  style={
    Object {
      "backgroundColor": "#FFFFFF",
      "borderTopColor": "#C7CDD1",
      "borderTopWidth": 1,
    }
  }
>
  <RCTScrollView
    horizontal={true}
    testID="color-picker.options"
  >
    <View>
      <View
        style={
          Object {
            "alignItems": "center",
            "flexDirection": "row",
            "justifyContent": "center",
          }
        }
      >
        <TouchableHighlight
          accessibilityLabel="Set text color to white (#FFFFFF)"
          accessibilityTraits="button"
          onPress={[Function]}
          style={
            Object {
              "height": 44,
              "width": 44,
            }
          }
          testID="color-picker-option-#FFFFFF"
          underlayColor="transparent"
        >
          <View
            style={
              Array [
                Object {
                  "alignItems": "center",
                  "borderRadius": 19,
                  "flex": 1,
                  "justifyContent": "center",
                  "margin": 6,
                },
                Object {
                  "backgroundColor": "#FFFFFF",
                  "borderColor": "#C7CDD1",
                  "borderWidth": 1,
                },
              ]
            }
          />
        </TouchableHighlight>
        <TouchableHighlight
          accessibilityLabel="Set text color to black (#2D3B45)"
          accessibilityTraits="button"
          onPress={[Function]}
          style={
            Object {
              "height": 44,
              "width": 44,
            }
          }
          testID="color-picker-option-#2D3B45"
          underlayColor="transparent"
        >
          <View
            style={
              Array [
                Object {
                  "alignItems": "center",
                  "borderRadius": 19,
                  "flex": 1,
                  "justifyContent": "center",
                  "margin": 6,
                },
                Object {
                  "backgroundColor": "#2D3B45",
                  "borderColor": "transparent",
                  "borderWidth": 0,
                },
              ]
            }
          />
        </TouchableHighlight>
        <TouchableHighlight
          accessibilityLabel="Set text color to grey (#8B969E)"
          accessibilityTraits="button"
          onPress={[Function]}
          style={
            Object {
              "height": 44,
              "width": 44,
            }
          }
          testID="color-picker-option-#8B969E"
          underlayColor="transparent"
        >
          <View
            style={
              Array [
                Object {
                  "alignItems": "center",
                  "borderRadius": 19,
                  "flex": 1,
                  "justifyContent": "center",
                  "margin": 6,
                },
                Object {
                  "backgroundColor": "#8B969E",
                  "borderColor": "transparent",
                  "borderWidth": 0,
                },
              ]
            }
          />
        </TouchableHighlight>
        <TouchableHighlight
          accessibilityLabel="Set text color to red (#EE0612)"
          accessibilityTraits="button"
          onPress={[Function]}
          style={
            Object {
              "height": 44,
              "width": 44,
            }
          }
          testID="color-picker-option-#EE0612"
          underlayColor="transparent"
        >
          <View
            style={
              Array [
                Object {
                  "alignItems": "center",
                  "borderRadius": 19,
                  "flex": 1,
                  "justifyContent": "center",
                  "margin": 6,
                },
                Object {
                  "backgroundColor": "#EE0612",
                  "borderColor": "transparent",
                  "borderWidth": 0,
                },
              ]
            }
          />
        </TouchableHighlight>
        <TouchableHighlight
          accessibilityLabel="Set text color to orange (#FC5E13)"
          accessibilityTraits="button"
          onPress={[Function]}
          style={
            Object {
              "height": 44,
              "width": 44,
            }
          }
          testID="color-picker-option-#FC5E13"
          underlayColor="transparent"
        >
          <View
            style={
              Array [
                Object {
                  "alignItems": "center",
                  "borderRadius": 19,
                  "flex": 1,
                  "justifyContent": "center",
                  "margin": 6,
                },
                Object {
                  "backgroundColor": "#FC5E13",
                  "borderColor": "transparent",
                  "borderWidth": 0,
                },
              ]
            }
          />
        </TouchableHighlight>
        <TouchableHighlight
          accessibilityLabel="Set text color to yellow (#FFC100)"
          accessibilityTraits="button"
          onPress={[Function]}
          style={
            Object {
              "height": 44,
              "width": 44,
            }
          }
          testID="color-picker-option-#FFC100"
          underlayColor="transparent"
        >
          <View
            style={
              Array [
                Object {
                  "alignItems": "center",
                  "borderRadius": 19,
                  "flex": 1,
                  "justifyContent": "center",
                  "margin": 6,
                },
                Object {
                  "backgroundColor": "#FFC100",
                  "borderColor": "transparent",
                  "borderWidth": 0,
                },
              ]
            }
          />
        </TouchableHighlight>
        <TouchableHighlight
          accessibilityLabel="Set text color to green (#89C540)"
          accessibilityTraits="button"
          onPress={[Function]}
          style={
            Object {
              "height": 44,
              "width": 44,
            }
          }
          testID="color-picker-option-#89C540"
          underlayColor="transparent"
        >
          <View
            style={
              Array [
                Object {
                  "alignItems": "center",
                  "borderRadius": 19,
                  "flex": 1,
                  "justifyContent": "center",
                  "margin": 6,
                },
                Object {
                  "backgroundColor": "#89C540",
                  "borderColor": "transparent",
                  "borderWidth": 0,
                },
              ]
            }
          />
        </TouchableHighlight>
        <TouchableHighlight
          accessibilityLabel="Set text color to blue (#1482C8)"
          accessibilityTraits="button"
          onPress={[Function]}
          style={
            Object {
              "height": 44,
              "width": 44,
            }
          }
          testID="color-picker-option-#1482C8"
          underlayColor="transparent"
        >
          <View
            style={
              Array [
                Object {
                  "alignItems": "center",
                  "borderRadius": 19,
                  "flex": 1,
                  "justifyContent": "center",
                  "margin": 6,
                },
                Object {
                  "backgroundColor": "#1482C8",
                  "borderColor": "transparent",
                  "borderWidth": 0,
                },
              ]
            }
          />
        </TouchableHighlight>
        <TouchableHighlight
          accessibilityLabel="Set text color to purple (#65469F)"
          accessibilityTraits="button"
          onPress={[Function]}
          style={
            Object {
              "height": 44,
              "width": 44,
            }
          }
          testID="color-picker-option-#65469F"
          underlayColor="transparent"
        >
          <View
            style={
              Array [
                Object {
                  "alignItems": "center",
                  "borderRadius": 19,
                  "flex": 1,
                  "justifyContent": "center",
                  "margin": 6,
                },
                Object {
                  "backgroundColor": "#65469F",
                  "borderColor": "transparent",
                  "borderWidth": 0,
                },
              ]
            }
          />
        </TouchableHighlight>
      </View>
    </View>
  </RCTScrollView>
</View>
`;
