// Jest Snapshot v1, https://goo.gl/fbAQLP

exports[`ZSSRichTextEditor link modal triggers insert new link 1`] = `
Array [
  Array [
    "
      var selection = getSelection().toString();
      window.webkit.messageHandlers.canvas.postMessage(JSON.stringify({type: 'INSERT_LINK', data: selection}));
    ",
  ],
  Array [
    "zss_editor.prepareInsert();",
  ],
  Array [
    "zss_editor.insertLink(\\"url\\", \\"title\\");",
  ],
  Array [
    "zss_editor.focusEditor();",
  ],
]
`;

exports[`ZSSRichTextEditor link modal triggers update link 1`] = `
Array [
  Array [
    "
      var selection = getSelection().toString();
      window.webkit.messageHandlers.canvas.postMessage(JSON.stringify({type: 'INSERT_LINK', data: selection}));
    ",
  ],
  Array [
    "zss_editor.prepareInsert();",
  ],
  Array [
    "zss_editor.updateLink(\\"url\\", \\"title\\");",
  ],
  Array [
    "zss_editor.focusEditor();",
  ],
]
`;

exports[`ZSSRichTextEditor loads with rtl direction when in rtl 1`] = `
Array [
  Array [
    "zss_editor.setCustomCSS('body { direction: rtl; }');",
  ],
]
`;

exports[`ZSSRichTextEditor notifies when editor focused 1`] = `Array []`;

exports[`ZSSRichTextEditor paste downloads and embeds image files 1`] = `
Array [
  Array [
    "zss_editor.prepareInsert();",
  ],
  Array [
    "zss_editor.insertImage('https://verified-download-url.jpg');",
  ],
]
`;

exports[`ZSSRichTextEditor paste only matches file download urls 1`] = `
Array [
  Array [
    "zss_editor.prepareInsert();",
  ],
  Array [
    "zss_editor.insertHTML('https:\\\\/\\\\/one.com\\\\/files\\\\/1');",
  ],
]
`;

exports[`ZSSRichTextEditor paste pastes link when file is not an image 1`] = `
Array [
  Array [
    "zss_editor.prepareInsert();",
  ],
  Array [
    "zss_editor.insertHTML('https:\\\\/\\\\/canvas.instructure.com\\\\/files\\\\/1\\\\/download');",
  ],
]
`;

exports[`ZSSRichTextEditor paste pastes plain text 1`] = `
Array [
  Array [
    "zss_editor.prepareInsert();",
  ],
  Array [
    "zss_editor.insertHTML('plain text');",
  ],
]
`;

exports[`ZSSRichTextEditor paste replaces newlines with <br> 1`] = `
Array [
  Array [
    "zss_editor.prepareInsert();",
  ],
  Array [
    "zss_editor.insertHTML('Line One<br>Line Two');",
  ],
]
`;

exports[`ZSSRichTextEditor paste will not be tricked by urls with spaces 1`] = `
Array [
  Array [
    "zss_editor.prepareInsert();",
  ],
  Array [
    "zss_editor.insertHTML('https:\\\\/\\\\/one.com\\\\/files\\\\/1\\\\/download https:\\\\/\\\\/two.com\\\\/files\\\\/2\\\\/download');",
  ],
]
`;

exports[`ZSSRichTextEditor renders 1`] = `
<CanvasWebView
  hideKeyboardAccessoryView={true}
  onFinishedLoading={[Function]}
  onMessage={[Function]}
  scalesPageToFit={true}
  scrollEnabled={true}
  source={Object {}}
  style={
    Object {
      "backgroundColor": "transparent",
      "flex": 1,
      "flexDirection": "column",
    }
  }
/>
`;

exports[`ZSSRichTextEditor responds when zss editor loads 1`] = `
Array [
  Array [
    "zss_editor.setCustomCSS('body { direction: ltr; }');",
  ],
]
`;

exports[`ZSSRichTextEditor sets feature flags 1`] = `
Array [
  Array [
    "zss_editor.setFeatureFlags(\\"one,two\\")",
  ],
]
`;

exports[`ZSSRichTextEditor triggers blur 1`] = `
Array [
  Array [
    "zss_editor.blurEditor();",
  ],
]
`;

exports[`ZSSRichTextEditor triggers bold 1`] = `
Array [
  Array [
    "zss_editor.setBold();",
  ],
]
`;

exports[`ZSSRichTextEditor triggers focus 1`] = `
Array [
  Array [
    "zss_editor.focusEditor();",
  ],
]
`;

exports[`ZSSRichTextEditor triggers insertImage 1`] = `
Array [
  Array [
    "zss_editor.insertImage('https://canvas.instructure.com/files/1/download');",
  ],
]
`;

exports[`ZSSRichTextEditor triggers insertVideoComment 1`] = `
Array [
  Array [
    "zss_editor.insertVideoComment('1');",
  ],
]
`;

exports[`ZSSRichTextEditor triggers italic 1`] = `
Array [
  Array [
    "zss_editor.setItalic();",
  ],
]
`;

exports[`ZSSRichTextEditor triggers ordered list 1`] = `
Array [
  Array [
    "zss_editor.setOrderedList();",
  ],
]
`;

exports[`ZSSRichTextEditor triggers redo 1`] = `
Array [
  Array [
    "zss_editor.redo();",
  ],
]
`;

exports[`ZSSRichTextEditor triggers setPlaceholder 1`] = `
Array [
  Array [
    "zss_editor.setPlaceholder('Add text');",
  ],
]
`;

exports[`ZSSRichTextEditor triggers setPlaceholder 2`] = `
Array [
  Array [
    "zss_editor.setPlaceholder('Add text');",
  ],
  Array [
    "zss_editor.setPlaceholder(null);",
  ],
]
`;

exports[`ZSSRichTextEditor triggers text color 1`] = `
Array [
  Array [
    "zss_editor.prepareInsert();",
  ],
  Array [
    "zss_editor.setTextColor('white');",
  ],
]
`;

exports[`ZSSRichTextEditor triggers undo 1`] = `
Array [
  Array [
    "zss_editor.undo();",
  ],
]
`;

exports[`ZSSRichTextEditor triggers unordered list 1`] = `
Array [
  Array [
    "zss_editor.setUnorderedList();",
  ],
]
`;

exports[`ZSSRichTextEditor updates html 1`] = `
Array [
  Array [
    "zss_editor.setHTML(\\"<div>Hi<\\\\/div>\\");",
  ],
]
`;

exports[`ZSSRichTextEditor updates html 2`] = `
Array [
  Array [
    "zss_editor.setHTML(\\"<div>Hi<\\\\/div>\\");",
  ],
  Array [
    "zss_editor.setHTML(\\"\\");",
  ],
]
`;
